// Jest Snapshot v1, https://goo.gl/fbAQLP

exports[`Card snapshot should always match the snapshot 1`] = `
ShallowWrapper {
  "length": 1,
  Symbol(enzyme.__root__): [Circular],
  Symbol(enzyme.__unrendered__): <Card
    ancestralWeapons={
        Array [
            "",
          ]
    }
    coatOfArms=""
    founded=""
    name=""
    seats={
        Array [
            "",
          ]
    }
    titles={
        Array [
            "",
          ]
    }
    words=""
/>,
  Symbol(enzyme.__renderer__): Object {
    "batchedUpdates": [Function],
    "getNode": [Function],
    "render": [Function],
    "simulateEvent": [Function],
    "unmount": [Function],
  },
  Symbol(enzyme.__node__): Object {
    "instance": null,
    "key": null,
    "nodeType": "host",
    "props": Object {
      "children": Array [
        <h2 />,
        <p>
          Founded: 
          N/A
</p>,
        <p>
          Seats:
          <span />
</p>,
        <p>
          Titles:
          <span>
                    
                     
          </span>
</p>,
        <p />,
        <p>
          Weapons:
          <span />
</p>,
        <p />,
      ],
      "className": "Card",
    },
    "ref": null,
    "rendered": Array [
      Object {
        "instance": null,
        "key": null,
        "nodeType": "host",
        "props": Object {
          "children": "",
        },
        "ref": null,
        "rendered": "",
        "type": "h2",
      },
      Object {
        "instance": null,
        "key": null,
        "nodeType": "host",
        "props": Object {
          "children": Array [
            "Founded: ",
            "N/A",
          ],
        },
        "ref": null,
        "rendered": Array [
          "Founded: ",
          "N/A",
        ],
        "type": "p",
      },
      Object {
        "instance": null,
        "key": null,
        "nodeType": "host",
        "props": Object {
          "children": Array [
            "Seats:",
            Array [
              <span />,
            ],
          ],
        },
        "ref": null,
        "rendered": Array [
          "Seats:",
          Object {
            "instance": null,
            "key": "0",
            "nodeType": "host",
            "props": Object {
              "children": "",
            },
            "ref": null,
            "rendered": "",
            "type": "span",
          },
        ],
        "type": "p",
      },
      Object {
        "instance": null,
        "key": null,
        "nodeType": "host",
        "props": Object {
          "children": Array [
            "Titles:",
            Array [
              <span>
                
                 
</span>,
            ],
          ],
        },
        "ref": null,
        "rendered": Array [
          "Titles:",
          Object {
            "instance": null,
            "key": "0",
            "nodeType": "host",
            "props": Object {
              "children": Array [
                "",
                " ",
              ],
            },
            "ref": null,
            "rendered": Array [
              "",
              " ",
            ],
            "type": "span",
          },
        ],
        "type": "p",
      },
      Object {
        "instance": null,
        "key": null,
        "nodeType": "host",
        "props": Object {
          "children": "",
        },
        "ref": null,
        "rendered": "",
        "type": "p",
      },
      Object {
        "instance": null,
        "key": null,
        "nodeType": "host",
        "props": Object {
          "children": Array [
            "Weapons:",
            Array [
              <span />,
            ],
          ],
        },
        "ref": null,
        "rendered": Array [
          "Weapons:",
          Object {
            "instance": null,
            "key": "0",
            "nodeType": "host",
            "props": Object {
              "children": "",
            },
            "ref": null,
            "rendered": "",
            "type": "span",
          },
        ],
        "type": "p",
      },
      Object {
        "instance": null,
        "key": null,
        "nodeType": "host",
        "props": Object {
          "children": "",
        },
        "ref": null,
        "rendered": "",
        "type": "p",
      },
    ],
    "type": "div",
  },
  Symbol(enzyme.__nodes__): Array [
    Object {
      "instance": null,
      "key": null,
      "nodeType": "host",
      "props": Object {
        "children": Array [
          <h2 />,
          <p>
            Founded: 
            N/A
</p>,
          <p>
            Seats:
            <span />
</p>,
          <p>
            Titles:
            <span>
                        
                         
            </span>
</p>,
          <p />,
          <p>
            Weapons:
            <span />
</p>,
          <p />,
        ],
        "className": "Card",
      },
      "ref": null,
      "rendered": Array [
        Object {
          "instance": null,
          "key": null,
          "nodeType": "host",
          "props": Object {
            "children": "",
          },
          "ref": null,
          "rendered": "",
          "type": "h2",
        },
        Object {
          "instance": null,
          "key": null,
          "nodeType": "host",
          "props": Object {
            "children": Array [
              "Founded: ",
              "N/A",
            ],
          },
          "ref": null,
          "rendered": Array [
            "Founded: ",
            "N/A",
          ],
          "type": "p",
        },
        Object {
          "instance": null,
          "key": null,
          "nodeType": "host",
          "props": Object {
            "children": Array [
              "Seats:",
              Array [
                <span />,
              ],
            ],
          },
          "ref": null,
          "rendered": Array [
            "Seats:",
            Object {
              "instance": null,
              "key": "0",
              "nodeType": "host",
              "props": Object {
                "children": "",
              },
              "ref": null,
              "rendered": "",
              "type": "span",
            },
          ],
          "type": "p",
        },
        Object {
          "instance": null,
          "key": null,
          "nodeType": "host",
          "props": Object {
            "children": Array [
              "Titles:",
              Array [
                <span>
                  
                   
</span>,
              ],
            ],
          },
          "ref": null,
          "rendered": Array [
            "Titles:",
            Object {
              "instance": null,
              "key": "0",
              "nodeType": "host",
              "props": Object {
                "children": Array [
                  "",
                  " ",
                ],
              },
              "ref": null,
              "rendered": Array [
                "",
                " ",
              ],
              "type": "span",
            },
          ],
          "type": "p",
        },
        Object {
          "instance": null,
          "key": null,
          "nodeType": "host",
          "props": Object {
            "children": "",
          },
          "ref": null,
          "rendered": "",
          "type": "p",
        },
        Object {
          "instance": null,
          "key": null,
          "nodeType": "host",
          "props": Object {
            "children": Array [
              "Weapons:",
              Array [
                <span />,
              ],
            ],
          },
          "ref": null,
          "rendered": Array [
            "Weapons:",
            Object {
              "instance": null,
              "key": "0",
              "nodeType": "host",
              "props": Object {
                "children": "",
              },
              "ref": null,
              "rendered": "",
              "type": "span",
            },
          ],
          "type": "p",
        },
        Object {
          "instance": null,
          "key": null,
          "nodeType": "host",
          "props": Object {
            "children": "",
          },
          "ref": null,
          "rendered": "",
          "type": "p",
        },
      ],
      "type": "div",
    },
  ],
  Symbol(enzyme.__options__): Object {
    "adapter": ReactSixteenAdapter {
      "options": Object {
        "enableComponentDidUpdateOnSetState": true,
      },
    },
  },
}
`;
